Looking in indexes: https://download.pytorch.org/whl/cu124
Collecting torch
  Using cached torch-2.6.0%2Bcu124-cp310-cp310-win_amd64.whl.metadata (28 kB)
Collecting filelock (from torch)
  Using cached filelock-3.32.3-py3-none-any.whl.metadata (2.0 kB)
Collecting typing-extensions>=4.10.0 (from torch)
  Using cached typing_extensions-4.16.0-py3-none-any.whl.metadata (3.3 kB)
Collecting networkx (from torch)
  Using cached networkx-3.4.2-py3-none-any.whl.metadata (6.3 kB)
Collecting jinja2 (from torch)
  Using cached jinja2-3.1.6-py3-none-any.whl.metadata (2.9 kB)
Collecting fsspec (from torch)
  Using cached fsspec-2026.7.0-py3-none-any.whl.metadata (10 kB)
Collecting sympy==1.13.1 (from torch)
  Using cached sympy-1.13.1-py3-none-any.whl.metadata (12 kB)
Collecting mpmath<1.4,>=1.1.0 (from sympy==1.13.1->torch)
  Using cached mpmath-1.3.0-py3-none-any.whl.metadata (8.6 kB)
Collecting MarkupSafe>=2.0 (from jinja2->torch)
  Using cached markupsafe-3.0.3-cp310-cp310-win_amd64.whl.metadata (2.8 kB)
Using cached torch-2.6.0%2Bcu124-cp310-cp310-win_amd64.whl (2532.3 MB)
Using cached sympy-1.13.1-py3-none-any.whl (6.2 MB)
Using cached mpmath-1.3.0-py3-none-any.whl (536 kB)
Using cached typing_extensions-4.16.0-py3-none-any.whl (45 kB)
Using cached filelock-3.32.3-py3-none-any.whl (98 kB)
Using cached fsspec-2026.7.0-py3-none-any.whl (206 kB)
Using cached jinja2-3.1.6-py3-none-any.whl (134 kB)
Using cached markupsafe-3.0.3-cp310-cp310-win_amd64.whl (15 kB)
Using cached networkx-3.4.2-py3-none-any.whl (1.7 MB)
Installing collected packages: mpmath, typing-extensions, sympy, networkx, MarkupSafe, fsspec, filelock, jinja2, torch

Successfully installed MarkupSafe-3.0.3 filelock-3.32.3 fsspec-2026.7.0 jinja2-3.1.6 mpmath-1.3.0 networkx-3.4.2 sympy-1.13.1 torch-2.6.0+cu124 typing-extensions-4.16.0
Collecting numpy
  Using cached numpy-2.2.6-cp310-cp310-win_amd64.whl.metadata (60 kB)
Collecting scipy
  Using cached scipy-1.15.3-cp310-cp310-win_amd64.whl.metadata (60 kB)
Collecting scikit-learn
  Using cached scikit_learn-1.7.2-cp310-cp310-win_amd64.whl.metadata (11 kB)
Collecting matplotlib
  Downloading matplotlib-3.10.9-cp310-cp310-win_amd64.whl.metadata (52 kB)
Collecting h5py
  Downloading h5py-3.16.0-cp310-cp310-win_amd64.whl.metadata (3.1 kB)
Collecting requests
  Using cached requests-2.34.2-py3-none-any.whl.metadata (4.8 kB)
Collecting joblib>=1.2.0 (from scikit-learn)
  Downloading joblib-1.6.0-py3-none-any.whl.metadata (6.5 kB)
Collecting threadpoolctl>=3.1.0 (from scikit-learn)
  Using cached threadpoolctl-3.7.0-py3-none-any.whl.metadata (24 kB)
Collecting contourpy>=1.0.1 (from matplotlib)
  Downloading contourpy-1.3.2-cp310-cp310-win_amd64.whl.metadata (5.5 kB)
Collecting cycler>=0.10 (from matplotlib)
  Downloading cycler-0.12.1-py3-none-any.whl.metadata (3.8 kB)
Collecting fonttools>=4.22.0 (from matplotlib)
  Downloading fonttools-4.65.0-cp310-cp310-win_amd64.whl.metadata (127 kB)
Collecting kiwisolver>=1.3.1 (from matplotlib)
  Downloading kiwisolver-1.5.1-cp310-cp310-win_amd64.whl.metadata (5.2 kB)
Collecting packaging>=20.0 (from matplotlib)
  Using cached packaging-26.3-py3-none-any.whl.metadata (3.5 kB)
Collecting pillow>=8 (from matplotlib)
  Using cached pillow-12.3.0-cp310-cp310-win_amd64.whl.metadata (9.3 kB)
Collecting pyparsing>=3 (from matplotlib)
  Downloading pyparsing-3.3.3-py3-none-any.whl.metadata (5.9 kB)
Collecting python-dateutil>=2.7 (from matplotlib)
  Using cached python_dateutil-2.9.0.post0-py2.py3-none-any.whl.metadata (8.4 kB)
Collecting charset_normalizer<4,>=2 (from requests)
  Downloading charset_normalizer-3.5.2-cp310-cp310-win_amd64.whl.metadata (47 kB)
Collecting idna<4,>=2.5 (from requests)
  Downloading idna-3.20-py3-none-any.whl.metadata (7.2 kB)
Collecting urllib3<3,>=1.26 (from requests)
  Downloading urllib3-2.8.0-py3-none-any.whl.metadata (7.4 kB)
Collecting certifi>=2023.5.7 (from requests)
  Using cached certifi-2026.7.22-py3-none-any.whl.metadata (2.5 kB)
Collecting cloudpickle>=3.0 (from joblib>=1.2.0->scikit-learn)
  Downloading cloudpickle-3.1.2-py3-none-any.whl.metadata (7.1 kB)
Collecting six>=1.5 (from python-dateutil>=2.7->matplotlib)
  Using cached six-1.17.0-py2.py3-none-any.whl.metadata (1.7 kB)
Using cached numpy-2.2.6-cp310-cp310-win_amd64.whl (12.9 MB)
Using cached scipy-1.15.3-cp310-cp310-win_amd64.whl (41.3 MB)
Using cached scikit_learn-1.7.2-cp310-cp310-win_amd64.whl (8.9 MB)
Downloading matplotlib-3.10.9-cp310-cp310-win_amd64.whl (8.2 MB)
   ---------------------------------------- 8.2/8.2 MB 7.2 MB/s  0:00:01
Downloading h5py-3.16.0-cp310-cp310-win_amd64.whl (3.2 MB)
   ---------------------------------------- 3.2/3.2 MB 9.8 MB/s  0:00:00
Using cached requests-2.34.2-py3-none-any.whl (73 kB)
Downloading charset_normalizer-3.5.2-cp310-cp310-win_amd64.whl (215 kB)
Downloading idna-3.20-py3-none-any.whl (69 kB)
Downloading urllib3-2.8.0-py3-none-any.whl (135 kB)
Using cached certifi-2026.7.22-py3-none-any.whl (136 kB)
Downloading contourpy-1.3.2-cp310-cp310-win_amd64.whl (221 kB)
Downloading cycler-0.12.1-py3-none-any.whl (8.3 kB)
Downloading fonttools-4.65.0-cp310-cp310-win_amd64.whl (1.6 MB)
   ---------------------------------------- 1.6/1.6 MB 11.0 MB/s  0:00:00
Downloading joblib-1.6.0-py3-none-any.whl (306 kB)
Downloading cloudpickle-3.1.2-py3-none-any.whl (22 kB)
Downloading kiwisolver-1.5.1-cp310-cp310-win_amd64.whl (70 kB)
Using cached packaging-26.3-py3-none-any.whl (129 kB)
Using cached pillow-12.3.0-cp310-cp310-win_amd64.whl (7.2 MB)
Downloading pyparsing-3.3.3-py3-none-any.whl (126 kB)
Using cached python_dateutil-2.9.0.post0-py2.py3-none-any.whl (229 kB)
Using cached six-1.17.0-py2.py3-none-any.whl (11 kB)
Using cached threadpoolctl-3.7.0-py3-none-any.whl (26 kB)
Installing collected packages: urllib3, threadpoolctl, six, pyparsing, pillow, packaging, numpy, kiwisolver, idna, fonttools, cycler, cloudpickle, charset_normalizer, certifi, scipy, requests, python-dateutil, joblib, h5py, contourpy, scikit-learn, matplotlib

Successfully installed certifi-2026.7.22 charset_normalizer-3.5.2 cloudpickle-3.1.2 contourpy-1.3.2 cycler-0.12.1 fonttools-4.65.0 h5py-3.16.0 idna-3.20 joblib-1.6.0 kiwisolver-1.5.1 matplotlib-3.10.9 numpy-2.2.6 packaging-26.3 pillow-12.3.0 pyparsing-3.3.3 python-dateutil-2.9.0.post0 requests-2.34.2 scikit-learn-1.7.2 scipy-1.15.3 six-1.17.0 threadpoolctl-3.7.0 urllib3-2.8.0
torch 2.6.0+cu124 cuda 12.4 avail True NVIDIA GeForce RTX 3070 Ti
